I'm sorry, but errors were detected in your script. Please correct the
errors listed below, and try again.


File "game/script.rpy", line 49: ATL statement contains two expressions in a row; is one of them a misspelled property? If not, separate them with pass.
    t "half_size"
                 ^

Ren'Py Version: Ren'Py 8.1.3.23091805
Mon Nov 20 13:26:19 2023
